14:56:24 **** Build of project dual_ov5640_test_bsp ****
make -k all 
"Running Make include in ps7_cortexa9_0/libsrc/axivdma_v6_0/src"
make -C ps7_cortexa9_0/libsrc/axivdma_v6_0/src -s include  "SHELL=CMD" "COMPILER=arm-xilinx-eabi-gcc" "ARCHIVER=arm-xilinx-eabi-ar" "COMPILER_FLAGS=  -O2 -c" "EXTRA_COMPILER_FLAGS=-g"
"Running Make include in ps7_cortexa9_0/libsrc/coresightps_dcc_v1_2/src"
make -C ps7_cortexa9_0/libsrc/coresightps_dcc_v1_2/src -s include  "SHELL=CMD" "COMPILER=arm-xilinx-eabi-gcc" "ARCHIVER=arm-xilinx-eabi-ar" "COMPILER_FLAGS=  -O2 -c" "EXTRA_COMPILER_FLAGS=-g"
"Running Make include in ps7_cortexa9_0/libsrc/cpu_cortexa9_v2_1/src"
make -C ps7_cortexa9_0/libsrc/cpu_cortexa9_v2_1/src -s include  "SHELL=CMD" "COMPILER=arm-xilinx-eabi-gcc" "ARCHIVER=arm-xilinx-eabi-ar" "COMPILER_FLAGS=  -O2 -c" "EXTRA_COMPILER_FLAGS=-g"
"Running Make include in ps7_cortexa9_0/libsrc/ddrps_v1_0/src"
make -C ps7_cortexa9_0/libsrc/ddrps_v1_0/src -s include  "SHELL=CMD" "COMPILER=arm-xilinx-eabi-gcc" "ARCHIVER=arm-xilinx-eabi-ar" "COMPILER_FLAGS=  -O2 -c" "EXTRA_COMPILER_FLAGS=-g"
"Running Make include in ps7_cortexa9_0/libsrc/devcfg_v3_3/src"
make -C ps7_cortexa9_0/libsrc/devcfg_v3_3/src -s include  "SHELL=CMD" "COMPILER=arm-xilinx-eabi-gcc" "ARCHIVER=arm-xilinx-eabi-ar" "COMPILER_FLAGS=  -O2 -c" "EXTRA_COMPILER_FLAGS=-g"
"Running Make include in ps7_cortexa9_0/libsrc/dmaps_v2_1/src"
make -C ps7_cortexa9_0/libsrc/dmaps_v2_1/src -s include  "SHELL=CMD" "COMPILER=arm-xilinx-eabi-gcc" "ARCHIVER=arm-xilinx-eabi-ar" "COMPILER_FLAGS=  -O2 -c" "EXTRA_COMPILER_FLAGS=-g"
"Running Make include in ps7_cortexa9_0/libsrc/gpio_v4_0/src"
make -C ps7_cortexa9_0/libsrc/gpio_v4_0/src -s include  "SHELL=CMD" "COMPILER=arm-xilinx-eabi-gcc" "ARCHIVER=arm-xilinx-eabi-ar" "COMPILER_FLAGS=  -O2 -c" "EXTRA_COMPILER_FLAGS=-g"
"Running Make include in ps7_cortexa9_0/libsrc/qspips_v3_2/src"
make -C ps7_cortexa9_0/libsrc/qspips_v3_2/src -s include  "SHELL=CMD" "COMPILER=arm-xilinx-eabi-gcc" "ARCHIVER=arm-xilinx-eabi-ar" "COMPILER_FLAGS=  -O2 -c" "EXTRA_COMPILER_FLAGS=-g"
"Running Make include in ps7_cortexa9_0/libsrc/scugic_v3_1/src"
make -C ps7_cortexa9_0/libsrc/scugic_v3_1/src -s include  "SHELL=CMD" "COMPILER=arm-xilinx-eabi-gcc" "ARCHIVER=arm-xilinx-eabi-ar" "COMPILER_FLAGS=  -O2 -c" "EXTRA_COMPILER_FLAGS=-g"
"Running Make include in ps7_cortexa9_0/libsrc/scutimer_v2_1/src"
make -C ps7_cortexa9_0/libsrc/scutimer_v2_1/src -s include  "SHELL=CMD" "COMPILER=arm-xilinx-eabi-gcc" "ARCHIVER=arm-xilinx-eabi-ar" "COMPILER_FLAGS=  -O2 -c" "EXTRA_COMPILER_FLAGS=-g"
"Running Make include in ps7_cortexa9_0/libsrc/scuwdt_v2_1/src"
make -C ps7_cortexa9_0/libsrc/scuwdt_v2_1/src -s include  "SHELL=CMD" "COMPILER=arm-xilinx-eabi-gcc" "ARCHIVER=arm-xilinx-eabi-ar" "COMPILER_FLAGS=  -O2 -c" "EXTRA_COMPILER_FLAGS=-g"
"Running Make include in ps7_cortexa9_0/libsrc/sdps_v2_6/src"
make -C ps7_cortexa9_0/libsrc/sdps_v2_6/src -s include  "SHELL=CMD" "COMPILER=arm-xilinx-eabi-gcc" "ARCHIVER=arm-xilinx-eabi-ar" "COMPILER_FLAGS=  -O2 -c" "EXTRA_COMPILER_FLAGS=-g"
"Running Make include in ps7_cortexa9_0/libsrc/standalone_v5_3/src"
make -C ps7_cortexa9_0/libsrc/standalone_v5_3/src -s include  "SHELL=CMD" "COMPILER=arm-xilinx-eabi-gcc" "ARCHIVER=arm-xilinx-eabi-ar" "COMPILER_FLAGS=  -O2 -c" "EXTRA_COMPILER_FLAGS=-g"
"Running Make include in ps7_cortexa9_0/libsrc/uartps_v3_1/src"
make -C ps7_cortexa9_0/libsrc/uartps_v3_1/src -s include  "SHELL=CMD" "COMPILER=arm-xilinx-eabi-gcc" "ARCHIVER=arm-xilinx-eabi-ar" "COMPILER_FLAGS=  -O2 -c" "EXTRA_COMPILER_FLAGS=-g"
"Running Make include in ps7_cortexa9_0/libsrc/vtc_v7_1/src"
make -C ps7_cortexa9_0/libsrc/vtc_v7_1/src -s include  "SHELL=CMD" "COMPILER=arm-xilinx-eabi-gcc" "ARCHIVER=arm-xilinx-eabi-ar" "COMPILER_FLAGS=  -O2 -c" "EXTRA_COMPILER_FLAGS=-g"
"Running Make include in ps7_cortexa9_0/libsrc/xadcps_v2_2/src"
make -C ps7_cortexa9_0/libsrc/xadcps_v2_2/src -s include  "SHELL=CMD" "COMPILER=arm-xilinx-eabi-gcc" "ARCHIVER=arm-xilinx-eabi-ar" "COMPILER_FLAGS=  -O2 -c" "EXTRA_COMPILER_FLAGS=-g"
"Running Make libs in ps7_cortexa9_0/libsrc/axivdma_v6_0/src"
make -C ps7_cortexa9_0/libsrc/axivdma_v6_0/src -s libs  "SHELL=CMD" "COMPILER=arm-xilinx-eabi-gcc" "ARCHIVER=arm-xilinx-eabi-ar" "COMPILER_FLAGS=  -O2 -c" "EXTRA_COMPILER_FLAGS=-g"
"Compiling axivdma"
arm-xilinx-eabi-ar: creating ../../../lib/libxil.a
"Running Make libs in ps7_cortexa9_0/libsrc/coresightps_dcc_v1_2/src"
make -C ps7_cortexa9_0/libsrc/coresightps_dcc_v1_2/src -s libs  "SHELL=CMD" "COMPILER=arm-xilinx-eabi-gcc" "ARCHIVER=arm-xilinx-eabi-ar" "COMPILER_FLAGS=  -O2 -c" "EXTRA_COMPILER_FLAGS=-g"
"Compiling coresightps_dcc"
"Running Make libs in ps7_cortexa9_0/libsrc/cpu_cortexa9_v2_1/src"
make -C ps7_cortexa9_0/libsrc/cpu_cortexa9_v2_1/src -s libs  "SHELL=CMD" "COMPILER=arm-xilinx-eabi-gcc" "ARCHIVER=arm-xilinx-eabi-ar" "COMPILER_FLAGS=  -O2 -c" "EXTRA_COMPILER_FLAGS=-g"
"Compiling cpu_cortexa9"
"Running Make libs in ps7_cortexa9_0/libsrc/ddrps_v1_0/src"
make -C ps7_cortexa9_0/libsrc/ddrps_v1_0/src -s libs  "SHELL=CMD" "COMPILER=arm-xilinx-eabi-gcc" "ARCHIVER=arm-xilinx-eabi-ar" "COMPILER_FLAGS=  -O2 -c" "EXTRA_COMPILER_FLAGS=-g"
"Compiling ddrps"
"Running Make libs in ps7_cortexa9_0/libsrc/devcfg_v3_3/src"
make -C ps7_cortexa9_0/libsrc/devcfg_v3_3/src -s libs  "SHELL=CMD" "COMPILER=arm-xilinx-eabi-gcc" "ARCHIVER=arm-xilinx-eabi-ar" "COMPILER_FLAGS=  -O2 -c" "EXTRA_COMPILER_FLAGS=-g"
"Compiling devcfg"
"Running Make libs in ps7_cortexa9_0/libsrc/dmaps_v2_1/src"
make -C ps7_cortexa9_0/libsrc/dmaps_v2_1/src -s libs  "SHELL=CMD" "COMPILER=arm-xilinx-eabi-gcc" "ARCHIVER=arm-xilinx-eabi-ar" "COMPILER_FLAGS=  -O2 -c" "EXTRA_COMPILER_FLAGS=-g"
"Compiling dmaps"
"Running Make libs in ps7_cortexa9_0/libsrc/gpio_v4_0/src"
make -C ps7_cortexa9_0/libsrc/gpio_v4_0/src -s libs  "SHELL=CMD" "COMPILER=arm-xilinx-eabi-gcc" "ARCHIVER=arm-xilinx-eabi-ar" "COMPILER_FLAGS=  -O2 -c" "EXTRA_COMPILER_FLAGS=-g"
"Compiling gpio"
"Running Make libs in ps7_cortexa9_0/libsrc/qspips_v3_2/src"
make -C ps7_cortexa9_0/libsrc/qspips_v3_2/src -s libs  "SHELL=CMD" "COMPILER=arm-xilinx-eabi-gcc" "ARCHIVER=arm-xilinx-eabi-ar" "COMPILER_FLAGS=  -O2 -c" "EXTRA_COMPILER_FLAGS=-g"
"Compiling qspips"
"Running Make libs in ps7_cortexa9_0/libsrc/scugic_v3_1/src"
make -C ps7_cortexa9_0/libsrc/scugic_v3_1/src -s libs  "SHELL=CMD" "COMPILER=arm-xilinx-eabi-gcc" "ARCHIVER=arm-xilinx-eabi-ar" "COMPILER_FLAGS=  -O2 -c" "EXTRA_COMPILER_FLAGS=-g"
"Compiling scugic"
"Running Make libs in ps7_cortexa9_0/libsrc/scutimer_v2_1/src"
make -C ps7_cortexa9_0/libsrc/scutimer_v2_1/src -s libs  "SHELL=CMD" "COMPILER=arm-xilinx-eabi-gcc" "ARCHIVER=arm-xilinx-eabi-ar" "COMPILER_FLAGS=  -O2 -c" "EXTRA_COMPILER_FLAGS=-g"
"Compiling scutimer"
"Running Make libs in ps7_cortexa9_0/libsrc/scuwdt_v2_1/src"
make -C ps7_cortexa9_0/libsrc/scuwdt_v2_1/src -s libs  "SHELL=CMD" "COMPILER=arm-xilinx-eabi-gcc" "ARCHIVER=arm-xilinx-eabi-ar" "COMPILER_FLAGS=  -O2 -c" "EXTRA_COMPILER_FLAGS=-g"
"Compiling scuwdt"
"Running Make libs in ps7_cortexa9_0/libsrc/sdps_v2_6/src"
make -C ps7_cortexa9_0/libsrc/sdps_v2_6/src -s libs  "SHELL=CMD" "COMPILER=arm-xilinx-eabi-gcc" "ARCHIVER=arm-xilinx-eabi-ar" "COMPILER_FLAGS=  -O2 -c" "EXTRA_COMPILER_FLAGS=-g"
"Compiling sdps"
"Running Make libs in ps7_cortexa9_0/libsrc/standalone_v5_3/src"
make -C ps7_cortexa9_0/libsrc/standalone_v5_3/src -s libs  "SHELL=CMD" "COMPILER=arm-xilinx-eabi-gcc" "ARCHIVER=arm-xilinx-eabi-ar" "COMPILER_FLAGS=  -O2 -c" "EXTRA_COMPILER_FLAGS=-g"
"Compiling standalone"
"Running Make libs in ps7_cortexa9_0/libsrc/uartps_v3_1/src"
make -C ps7_cortexa9_0/libsrc/uartps_v3_1/src -s libs  "SHELL=CMD" "COMPILER=arm-xilinx-eabi-gcc" "ARCHIVER=arm-xilinx-eabi-ar" "COMPILER_FLAGS=  -O2 -c" "EXTRA_COMPILER_FLAGS=-g"
"Compiling uartps"
"Running Make libs in ps7_cortexa9_0/libsrc/vtc_v7_1/src"
make -C ps7_cortexa9_0/libsrc/vtc_v7_1/src -s libs  "SHELL=CMD" "COMPILER=arm-xilinx-eabi-gcc" "ARCHIVER=arm-xilinx-eabi-ar" "COMPILER_FLAGS=  -O2 -c" "EXTRA_COMPILER_FLAGS=-g"
"Compiling video timing controller"
"Running Make libs in ps7_cortexa9_0/libsrc/xadcps_v2_2/src"
make -C ps7_cortexa9_0/libsrc/xadcps_v2_2/src -s libs  "SHELL=CMD" "COMPILER=arm-xilinx-eabi-gcc" "ARCHIVER=arm-xilinx-eabi-ar" "COMPILER_FLAGS=  -O2 -c" "EXTRA_COMPILER_FLAGS=-g"
"Compiling xadcps"
'Finished building libraries'
14:56:38 **** Build of configuration Debug for project dual_ov5640_test ****
make all 
'Building file: ../src/helloworld.c'
'Invoking: ARM gcc compiler'
arm-xilinx-eabi-gcc -Wall -O0 -g3 -c -fmessage-length=0 -MT"src/helloworld.o" -I../../dual_ov5640_test_bsp/ps7_cortexa9_0/include -MMD -MP -MF"src/helloworld.d" -MT"src/helloworld.d" -o "src/helloworld.o" "../src/helloworld.c"
'Finished building: ../src/helloworld.c'
' '
'Building file: ../src/platform.c'
'Invoking: ARM gcc compiler'
arm-xilinx-eabi-gcc -Wall -O0 -g3 -c -fmessage-length=0 -MT"src/platform.o" -I../../dual_ov5640_test_bsp/ps7_cortexa9_0/include -MMD -MP -MF"src/platform.d" -MT"src/platform.d" -o "src/platform.o" "../src/platform.c"
'Finished building: ../src/platform.c'
' '
'Building target: dual_ov5640_test.elf'
'Invoking: ARM gcc linker'
arm-xilinx-eabi-gcc -Wl,-T -Wl,../src/lscript.ld -L../../dual_ov5640_test_bsp/ps7_cortexa9_0/lib -o "dual_ov5640_test.elf"  ./src/helloworld.o ./src/platform.o   -Wl,--start-group,-lxil,-lgcc,-lc,--end-group
'Finished building target: dual_ov5640_test.elf'
' '
'Invoking: ARM Print Size'
arm-xilinx-eabi-size dual_ov5640_test.elf  |tee "dual_ov5640_test.elf.size"
   text	   data	    bss	    dec	    hex	filename
  22888	   1152	  22564	  46604	   b60c	dual_ov5640_test.elf
'Finished building: dual_ov5640_test.elf.size'
' '
14:57:13 **** Clean-only build of configuration Debug for project dual_ov5640_test ****
make clean 
rm -rf  ./src/helloworld.o ./src/platform.o  ./src/helloworld.d ./src/platform.d  dual_ov5640_test.elf.size  dual_ov5640_test.elf
' '
14:57:13 **** Auto Build of configuration Debug for project dual_ov5640_test ****
make all 
'Building file: ../src/dynclk/dynclk.c'
'Invoking: ARM gcc compiler'
arm-xilinx-eabi-gcc -Wall -O0 -g3 -c -fmessage-length=0 -MT"src/dynclk/dynclk.o" -I../../dual_ov5640_test_bsp/ps7_cortexa9_0/include -MMD -MP -MF"src/dynclk/dynclk.d" -MT"src/dynclk/dynclk.d" -o "src/dynclk/dynclk.o" "../src/dynclk/dynclk.c"
'Finished building: ../src/dynclk/dynclk.c'
' '
'Building file: ../src/display_ctrl/display_ctrl.c'
'Invoking: ARM gcc compiler'
arm-xilinx-eabi-gcc -Wall -O0 -g3 -c -fmessage-length=0 -MT"src/display_ctrl/display_ctrl.o" -I../../dual_ov5640_test_bsp/ps7_cortexa9_0/include -MMD -MP -MF"src/display_ctrl/display_ctrl.d" -MT"src/display_ctrl/display_ctrl.d" -o "src/display_ctrl/display_ctrl.o" "../src/display_ctrl/display_ctrl.c"
../src/display_ctrl/display_ctrl.c: In function 'DisplayStop':
../src/display_ctrl/display_ctrl.c:107:19: warning: passing argument 1 of 'XAxiVdma_DmaStop' from incompatible pointer type
  XAxiVdma_DmaStop(dispPtr->vdma, XAXIVDMA_READ);
                   ^
In file included from ../src/display_ctrl/display_ctrl.h:56:0,
                 from ../src/display_ctrl/display_ctrl.c:63:
../../dual_ov5640_test_bsp/ps7_cortexa9_0/include/xaxivdma.h:582:6: note: expected 'struct XAxiVdma *' but argument is of type 'struct XAxiVdma **'
 void XAxiVdma_DmaStop(XAxiVdma *InstancePtr, u16 Direction);
      ^
../src/display_ctrl/display_ctrl.c:108:24: warning: passing argument 1 of 'XAxiVdma_IsBusy' from incompatible pointer type
  while(XAxiVdma_IsBusy(dispPtr->vdma, XAXIVDMA_READ));
                        ^
In file included from ../src/display_ctrl/display_ctrl.h:56:0,
                 from ../src/display_ctrl/display_ctrl.c:63:
../../dual_ov5640_test_bsp/ps7_cortexa9_0/include/xaxivdma.h:538:5: note: expected 'struct XAxiVdma *' but argument is of type 'struct XAxiVdma **'
 int XAxiVdma_IsBusy(XAxiVdma *InstancePtr, u16 Direction);
     ^
../src/display_ctrl/display_ctrl.c:117:35: warning: passing argument 1 of 'XAxiVdma_GetDmaChannelErrors' from incompatible pointer type
  if (XAxiVdma_GetDmaChannelErrors(dispPtr->vdma, XAXIVDMA_READ))
                                   ^
In file included from ../src/display_ctrl/display_ctrl.h:56:0,
                 from ../src/display_ctrl/display_ctrl.c:63:
../../dual_ov5640_test_bsp/ps7_cortexa9_0/include/xaxivdma.h:565:5: note: expected 'struct XAxiVdma *' but argument is of type 'struct XAxiVdma **'
 int XAxiVdma_GetDmaChannelErrors(XAxiVdma *InstancePtr, u16 Direction);
     ^
../src/display_ctrl/display_ctrl.c:120:34: warning: passing argument 1 of 'XAxiVdma_ClearDmaChannelErrors' from incompatible pointer type
   XAxiVdma_ClearDmaChannelErrors(dispPtr->vdma, XAXIVDMA_READ, 0xFFFFFFFF);
                                  ^
In file included from ../src/display_ctrl/display_ctrl.h:56:0,
                 from ../src/display_ctrl/display_ctrl.c:63:
../../dual_ov5640_test_bsp/ps7_cortexa9_0/include/xaxivdma.h:566:5: note: expected 'struct XAxiVdma *' but argument is of type 'struct XAxiVdma **'
 int XAxiVdma_ClearDmaChannelErrors(XAxiVdma *InstancePtr, u16 Direction,
     ^
'Finished building: ../src/display_ctrl/display_ctrl.c'
' '
'Building file: ../src/display_demo.c'
'Invoking: ARM gcc compiler'
arm-xilinx-eabi-gcc -Wall -O0 -g3 -c -fmessage-length=0 -MT"src/display_demo.o" -I../../dual_ov5640_test_bsp/ps7_cortexa9_0/include -MMD -MP -MF"src/display_demo.d" -MT"src/display_demo.d" -o "src/display_demo.o" "../src/display_demo.c"
../src/display_demo.c:20:20: fatal error: xiicps.h: No such file or directory
 #include "xiicps.h"
                    ^
compilation terminated.
make: *** [src/display_demo.o] ´íÎó 1
14:57:33 **** Clean-only build of configuration Debug for project dual_ov5640_test ****
make clean 
rm -rf  ./src/dynclk/dynclk.o  ./src/display_ctrl/display_ctrl.o  ./src/display_demo.o ./src/ov5640.o ./src/vdma.o  ./src/dynclk/dynclk.d  ./src/display_ctrl/display_ctrl.d  ./src/display_demo.d ./src/ov5640.d ./src/vdma.d  dual_ov5640_test.elf.size  dual_ov5640_test.elf
' '
14:57:34 **** Auto Build of configuration Debug for project dual_ov5640_test ****
make all 
'Building file: ../src/dynclk/dynclk.c'
'Invoking: ARM gcc compiler'
arm-xilinx-eabi-gcc -Wall -O0 -g3 -c -fmessage-length=0 -MT"src/dynclk/dynclk.o" -I../../dual_ov5640_test_bsp/ps7_cortexa9_0/include -MMD -MP -MF"src/dynclk/dynclk.d" -MT"src/dynclk/dynclk.d" -o "src/dynclk/dynclk.o" "../src/dynclk/dynclk.c"
'Finished building: ../src/dynclk/dynclk.c'
' '
'Building file: ../src/display_ctrl/display_ctrl.c'
'Invoking: ARM gcc compiler'
arm-xilinx-eabi-gcc -Wall -O0 -g3 -c -fmessage-length=0 -MT"src/display_ctrl/display_ctrl.o" -I../../dual_ov5640_test_bsp/ps7_cortexa9_0/include -MMD -MP -MF"src/display_ctrl/display_ctrl.d" -MT"src/display_ctrl/display_ctrl.d" -o "src/display_ctrl/display_ctrl.o" "../src/display_ctrl/display_ctrl.c"
../src/display_ctrl/display_ctrl.c: In function 'DisplayStop':
../src/display_ctrl/display_ctrl.c:107:19: warning: passing argument 1 of 'XAxiVdma_DmaStop' from incompatible pointer type
  XAxiVdma_DmaStop(dispPtr->vdma, XAXIVDMA_READ);
                   ^
In file included from ../src/display_ctrl/display_ctrl.h:56:0,
                 from ../src/display_ctrl/display_ctrl.c:63:
../../dual_ov5640_test_bsp/ps7_cortexa9_0/include/xaxivdma.h:582:6: note: expected 'struct XAxiVdma *' but argument is of type 'struct XAxiVdma **'
 void XAxiVdma_DmaStop(XAxiVdma *InstancePtr, u16 Direction);
      ^
../src/display_ctrl/display_ctrl.c:108:24: warning: passing argument 1 of 'XAxiVdma_IsBusy' from incompatible pointer type
  while(XAxiVdma_IsBusy(dispPtr->vdma, XAXIVDMA_READ));
                        ^
In file included from ../src/display_ctrl/display_ctrl.h:56:0,
                 from ../src/display_ctrl/display_ctrl.c:63:
../../dual_ov5640_test_bsp/ps7_cortexa9_0/include/xaxivdma.h:538:5: note: expected 'struct XAxiVdma *' but argument is of type 'struct XAxiVdma **'
 int XAxiVdma_IsBusy(XAxiVdma *InstancePtr, u16 Direction);
     ^
../src/display_ctrl/display_ctrl.c:117:35: warning: passing argument 1 of 'XAxiVdma_GetDmaChannelErrors' from incompatible pointer type
  if (XAxiVdma_GetDmaChannelErrors(dispPtr->vdma, XAXIVDMA_READ))
                                   ^
In file included from ../src/display_ctrl/display_ctrl.h:56:0,
                 from ../src/display_ctrl/display_ctrl.c:63:
../../dual_ov5640_test_bsp/ps7_cortexa9_0/include/xaxivdma.h:565:5: note: expected 'struct XAxiVdma *' but argument is of type 'struct XAxiVdma **'
 int XAxiVdma_GetDmaChannelErrors(XAxiVdma *InstancePtr, u16 Direction);
     ^
../src/display_ctrl/display_ctrl.c:120:34: warning: passing argument 1 of 'XAxiVdma_ClearDmaChannelErrors' from incompatible pointer type
   XAxiVdma_ClearDmaChannelErrors(dispPtr->vdma, XAXIVDMA_READ, 0xFFFFFFFF);
                                  ^
In file included from ../src/display_ctrl/display_ctrl.h:56:0,
                 from ../src/display_ctrl/display_ctrl.c:63:
../../dual_ov5640_test_bsp/ps7_cortexa9_0/include/xaxivdma.h:566:5: note: expected 'struct XAxiVdma *' but argument is of type 'struct XAxiVdma **'
 int XAxiVdma_ClearDmaChannelErrors(XAxiVdma *InstancePtr, u16 Direction,
     ^
'Finished building: ../src/display_ctrl/display_ctrl.c'
' '
'Building file: ../src/display_demo.c'
'Invoking: ARM gcc compiler'
arm-xilinx-eabi-gcc -Wall -O0 -g3 -c -fmessage-length=0 -MT"src/display_demo.o" -I../../dual_ov5640_test_bsp/ps7_cortexa9_0/include -MMD -MP -MF"src/display_demo.d" -MT"src/display_demo.d" -o "src/display_demo.o" "../src/display_demo.c"
../src/display_demo.c:20:20: fatal error: xiicps.h: No such file or directory
 #include "xiicps.h"
                    ^
compilation terminated.
make: *** [src/display_demo.o] ´íÎó 1
14:57:38 **** Clean-only build of configuration Debug for project dual_ov5640_test ****
make clean 
rm -rf  ./src/dynclk/dynclk.o  ./src/display_ctrl/display_ctrl.o  ./src/display_demo.o ./src/vdma.o  ./src/dynclk/dynclk.d  ./src/display_ctrl/display_ctrl.d  ./src/display_demo.d ./src/vdma.d  dual_ov5640_test.elf.size  dual_ov5640_test.elf
' '
14:57:38 **** Auto Build of configuration Debug for project dual_ov5640_test ****
make all 
'Building file: ../src/dynclk/dynclk.c'
'Invoking: ARM gcc compiler'
arm-xilinx-eabi-gcc -Wall -O0 -g3 -c -fmessage-length=0 -MT"src/dynclk/dynclk.o" -I../../dual_ov5640_test_bsp/ps7_cortexa9_0/include -MMD -MP -MF"src/dynclk/dynclk.d" -MT"src/dynclk/dynclk.d" -o "src/dynclk/dynclk.o" "../src/dynclk/dynclk.c"
'Finished building: ../src/dynclk/dynclk.c'
' '
'Building file: ../src/display_ctrl/display_ctrl.c'
'Invoking: ARM gcc compiler'
arm-xilinx-eabi-gcc -Wall -O0 -g3 -c -fmessage-length=0 -MT"src/display_ctrl/display_ctrl.o" -I../../dual_ov5640_test_bsp/ps7_cortexa9_0/include -MMD -MP -MF"src/display_ctrl/display_ctrl.d" -MT"src/display_ctrl/display_ctrl.d" -o "src/display_ctrl/display_ctrl.o" "../src/display_ctrl/display_ctrl.c"
../src/display_ctrl/display_ctrl.c: In function 'DisplayStop':
../src/display_ctrl/display_ctrl.c:107:19: warning: passing argument 1 of 'XAxiVdma_DmaStop' from incompatible pointer type
  XAxiVdma_DmaStop(dispPtr->vdma, XAXIVDMA_READ);
                   ^
In file included from ../src/display_ctrl/display_ctrl.h:56:0,
                 from ../src/display_ctrl/display_ctrl.c:63:
../../dual_ov5640_test_bsp/ps7_cortexa9_0/include/xaxivdma.h:582:6: note: expected 'struct XAxiVdma *' but argument is of type 'struct XAxiVdma **'
 void XAxiVdma_DmaStop(XAxiVdma *InstancePtr, u16 Direction);
      ^
../src/display_ctrl/display_ctrl.c:108:24: warning: passing argument 1 of 'XAxiVdma_IsBusy' from incompatible pointer type
  while(XAxiVdma_IsBusy(dispPtr->vdma, XAXIVDMA_READ));
                        ^
In file included from ../src/display_ctrl/display_ctrl.h:56:0,
                 from ../src/display_ctrl/display_ctrl.c:63:
../../dual_ov5640_test_bsp/ps7_cortexa9_0/include/xaxivdma.h:538:5: note: expected 'struct XAxiVdma *' but argument is of type 'struct XAxiVdma **'
 int XAxiVdma_IsBusy(XAxiVdma *InstancePtr, u16 Direction);
     ^
../src/display_ctrl/display_ctrl.c:117:35: warning: passing argument 1 of 'XAxiVdma_GetDmaChannelErrors' from incompatible pointer type
  if (XAxiVdma_GetDmaChannelErrors(dispPtr->vdma, XAXIVDMA_READ))
                                   ^
In file included from ../src/display_ctrl/display_ctrl.h:56:0,
                 from ../src/display_ctrl/display_ctrl.c:63:
../../dual_ov5640_test_bsp/ps7_cortexa9_0/include/xaxivdma.h:565:5: note: expected 'struct XAxiVdma *' but argument is of type 'struct XAxiVdma **'
 int XAxiVdma_GetDmaChannelErrors(XAxiVdma *InstancePtr, u16 Direction);
     ^
../src/display_ctrl/display_ctrl.c:120:34: warning: passing argument 1 of 'XAxiVdma_ClearDmaChannelErrors' from incompatible pointer type
   XAxiVdma_ClearDmaChannelErrors(dispPtr->vdma, XAXIVDMA_READ, 0xFFFFFFFF);
                                  ^
In file included from ../src/display_ctrl/display_ctrl.h:56:0,
                 from ../src/display_ctrl/display_ctrl.c:63:
../../dual_ov5640_test_bsp/ps7_cortexa9_0/include/xaxivdma.h:566:5: note: expected 'struct XAxiVdma *' but argument is of type 'struct XAxiVdma **'
 int XAxiVdma_ClearDmaChannelErrors(XAxiVdma *InstancePtr, u16 Direction,
     ^
'Finished building: ../src/display_ctrl/display_ctrl.c'
' '
'Building file: ../src/display_demo.c'
'Invoking: ARM gcc compiler'
arm-xilinx-eabi-gcc -Wall -O0 -g3 -c -fmessage-length=0 -MT"src/display_demo.o" -I../../dual_ov5640_test_bsp/ps7_cortexa9_0/include -MMD -MP -MF"src/display_demo.d" -MT"src/display_demo.d" -o "src/display_demo.o" "../src/display_demo.c"
../src/display_demo.c:20:20: fatal error: xiicps.h: No such file or directory
 #include "xiicps.h"
                    ^
compilation terminated.
make: *** [src/display_demo.o] ´íÎó 1
14:58:11 **** Auto Build of configuration Debug for project dual_ov5640_test ****
make all 
'Building file: ../src/display_demo.c'
'Invoking: ARM gcc compiler'
arm-xilinx-eabi-gcc -Wall -O0 -g3 -c -fmessage-length=0 -MT"src/display_demo.o" -I../../dual_ov5640_test_bsp/ps7_cortexa9_0/include -MMD -MP -MF"src/display_demo.d" -MT"src/display_demo.d" -o "src/display_demo.o" "../src/display_demo.c"
../src/display_demo.c: In function 'main':
../src/display_demo.c:127:4: warning: passing argument 5 of 'vdma_write_init' makes integer from pointer without a cast
    dispCtrl.framePtr[0][dispCtrl.curFrame[0]]);
    ^
In file included from ../src/display_demo.c:20:0:
../src/vdma.h:9:5: note: expected 'unsigned int' but argument is of type 'u8 *'
 int vdma_write_init(short DeviceID,short HoriSizeInput,short VertSizeInput,short Stride,unsigned int FrameStoreStartAddr);
     ^
../src/display_demo.c:129:4: warning: passing argument 5 of 'vdma_write_init' makes integer from pointer without a cast
    dispCtrl.framePtr[1][dispCtrl.curFrame[1]]);
    ^
In file included from ../src/display_demo.c:20:0:
../src/vdma.h:9:5: note: expected 'unsigned int' but argument is of type 'u8 *'
 int vdma_write_init(short DeviceID,short HoriSizeInput,short VertSizeInput,short Stride,unsigned int FrameStoreStartAddr);
     ^
../src/display_demo.c:61:5: warning: unused variable 'test' [-Wunused-variable]
  u8 test;
     ^
'Finished building: ../src/display_demo.c'
' '
'Building file: ../src/vdma.c'
'Invoking: ARM gcc compiler'
arm-xilinx-eabi-gcc -Wall -O0 -g3 -c -fmessage-length=0 -MT"src/vdma.o" -I../../dual_ov5640_test_bsp/ps7_cortexa9_0/include -MMD -MP -MF"src/vdma.d" -MT"src/vdma.d" -o "src/vdma.o" "../src/vdma.c"
'Finished building: ../src/vdma.c'
' '
'Building target: dual_ov5640_test.elf'
'Invoking: ARM gcc linker'
arm-xilinx-eabi-gcc -Wl,-T -Wl,../src/lscript.ld -L../../dual_ov5640_test_bsp/ps7_cortexa9_0/lib -o "dual_ov5640_test.elf"  ./src/dynclk/dynclk.o  ./src/display_ctrl/display_ctrl.o  ./src/display_demo.o ./src/vdma.o   -Wl,--start-group,-lxil,-lgcc,-lc,--end-group
'Finished building target: dual_ov5640_test.elf'
' '
'Invoking: ARM Print Size'
arm-xilinx-eabi-size dual_ov5640_test.elf  |tee "dual_ov5640_test.elf.size"
   text	   data	    bss	    dec	    hex	filename
  53676	   1656	49789600	49844932	2f892c4	dual_ov5640_test.elf
'Finished building: dual_ov5640_test.elf.size'
' '
14:58:23 **** Incremental Build of configuration Debug for project dual_ov5640_test ****
make all 
make: Nothing to be done for `all'.
14:58:38 **** Incremental Build of configuration Debug for project dual_ov5640_test ****
make all 
make: Nothing to be done for `all'.
